test/haxiom/TestHaxiom.hx:7: Haxiom Foundation Verification Suite
test/haxiom/TestHaxiom.hx:8: ------------------------------------
Basic Math & Types: yes
Postfix x++: 5
Prefix ++x: 7
While Loop Res: 6
Do-While Loop Res: 6
Switch Case Res: yellow
Array Subscript: 42
Anonymous Struct: 99, tamas
Iterable loop: apple cherry 
OOP Chaining: Fido barks: Fido speaks
Arrow Function: 42
Formal Closure: 10
Map Literal string-key value: 10
Map Literal cherry-key value: 30
Map Literal int-key value: two-hundred
Property getter/setter check: 20
Std.isOfType Derived check: true
Std.isOfType Base check: true
Std.parseInt & Std.string check: 124
Valid typed vars: sopronyi, age: 36, height: 1.8
test/haxiom/TestHaxiom.hx:193: SUCCESS: Caught expected count type mismatch: Runtime Error: Type mismatch: expected Int but got String at script:3:25
    at toplevel (script:3:25)
test/haxiom/TestHaxiom.hx:208: SUCCESS: Caught expected class field type mismatch: Runtime Error: Type mismatch: expected String but got 123 at script:7:17
    at toplevel (script:7:17)
test/haxiom/TestHaxiom.hx:221: SUCCESS: Caught expected method return type mismatch: Runtime Error: Type mismatch: expected Int but got String at script:3:28
    at toplevel (script:3:28)
Package FQ inst: tamas
StringMap: world, MyMap: there
Imported Enemy HP: 100, ShortEnemy HP: 200
Try-Catch String: Caught string: thrown-error
Try-Catch Dynamic/Int: Caught dynamic: 123
Checked Cast String: hello
Unsafe Cast: hello
test/haxiom/TestHaxiom.hx:319: SUCCESS: Caught expected cast mismatch error: Runtime Error: Class cast error: expected String but got 123 at script:3:30
    at toplevel (script:3:30)
test/haxiom/TestHaxiom.hx:331: SUCCESS: Caught expected final local variable reassignment error: Runtime Error: Cannot reassign final variable x at script:3:21
    at toplevel (script:3:21)
Final field initialized: 5
test/haxiom/TestHaxiom.hx:361: SUCCESS: Caught expected final field reassignment error: Runtime Error: Cannot reassign final field x outside of constructor at script:9:17
    at toplevel (script:9:17)
test/haxiom/TestHaxiom.hx:375: SUCCESS: Caught expected static final field reassignment error: Runtime Error: Cannot reassign static final field VERSION at script:5:17
    at toplevel (script:5:17)
test/haxiom/TestHaxiom.hx:381: SUCCESS: Both Haxiom and Wren implement common.IScriptEngine perfectly!
Game updated: 0.16
test/haxiom/TestHaxiom.hx:413: SUCCESS: Caught expected interface signature mismatch: Runtime Error: Method Game.update has argument count mismatch: expected 1 but got 0 at 5:17 at script:5:17
    at toplevel (script:5:17)
isOfType Player: true
isOfType IRenderable: true
Math.abs: 15
Math.min: 10
Math.max: 20
test/haxiom/TestHaxiom.hx:460: SUCCESS: Caught expected virtual call stack trace:
Runtime Error: thrown-nested-error at script:5:31
    at toplevel (script:5:31)
check s1: idle
check s2: active at 5.5
check s3: error code 404
internal call balance: 100
test/haxiom/TestHaxiom.hx:518: SUCCESS: Caught expected private field access error: Runtime Error: Cannot access private member of class Account at script:3:23
    at toplevel (script:3:23)
test/haxiom/TestHaxiom.hx:529: SUCCESS: Caught expected private method access error: Runtime Error: Cannot access private member of class Account at script:3:17
    at toplevel (script:3:17)
test/haxiom/TestHaxiom.hx:542: SUCCESS: Caught expected private constructor access error: Runtime Error: Cannot access private member of class PrivateCtor at script:5:25
    at toplevel (script:5:25)
test/haxiom/TestHaxiom.hx:558: SUCCESS: Caught expected haxiom.ScriptException: Runtime Error: script-exception-test at script:3:23
    at toplevel (script:3:23)
test/haxiom/TestHaxiom.hx:559: Raw value: script-exception-test
test/haxiom/TestHaxiom.hx:571: SUCCESS: Captured script error via errorHandler silently: script-exception-test
test/haxiom/TestHaxiom.hx:587: tick 1: 1
test/haxiom/TestHaxiom.hx:589: tick 2: 2
test/haxiom/TestHaxiom.hx:596: strongly typed name: Alice
test/haxiom/TestHaxiom.hx:597: strongly typed callback: Alice
str.length: 13
str.charAt(0): H
str.charCodeAt(0): 72
str.indexOf('x'): 2
str.lastIndexOf('i'): 10
str.substring(0, 7): Haxiom-
str.toLowerCase(): haxiom-script
str.toUpperCase(): HAXIOM-SCRIPT
str.split length: 2
str.split[0]: Haxiom
str.split[1]: Script
arr.length before: 3
arr.length after push: 4, push returned: 4
arr[3]: 40
arr.pop: 40, arr.length: 3
arr.shift: 10, arr.length: 2
arr.unshift: 5, arr.length: 3
arr.remove(20): true, arr.length: 2
arr.indexOf(30): 1
arr.slice(0, 1) length: 1, item: 5
arr.join: 5|30
extracted push item: 99
test/haxiom/TestHaxiom.hx:662: SUCCESS: Caught syntax error with precise position: Unexpected token TSemicolon at 1:9
test/haxiom/TestHaxiom.hx:677: SUCCESS: Caught runtime type mismatch with precise coordinates: Runtime Error: Type mismatch: expected Int but got String at script:3:21
    at toplevel (script:3:21)
test/haxiom/TestHaxiom.hx:699: SUCCESS: Caught nested runtime exception with precise coordinates: Runtime Error: Target object does not support subscript assignment at script:6:30
    at toplevel (script:6:30)
s1: Hello world!
s2: val: 15
s3: world: 20 -> 10
s4: escaped $ and \10
Math.PI: 3.14159265358979312
Math.abs(-12.5): 12.5
Math.floor(4.9): 4
Math.ceil(4.1): 5
Math.round(4.5): 5
Math.sqrt(16): 4
Math.pow(2, 8): 256
Math.sin(0): 0
Math.cos(0): 1
Math.random valid: true
Math closure cos(0): 1
str.substr(0, 7): Haxiom-
str.substr(7): Script
arr.copy length: 5, item: 3
arr.filter length: 2, items: 2, 4
arr.map length: 5, items: 1, 4
u.greet: Default hello to Alice
u.welcome: Welcome to User class
su.greet: Overridden hello to Bob
test/haxiom/TestHaxiom.hx:816: SUCCESS: Caught expected validation error for Math.abs direct no-args: Runtime Error: Method Math.abs expected between 1 and 1 arguments but got 0 at script:1:1
test/haxiom/TestHaxiom.hx:816: SUCCESS: Caught expected validation error for Math.abs direct wrong-type: Runtime Error: Math.abs expected a number for argument but got String at script:1:10
test/haxiom/TestHaxiom.hx:816: SUCCESS: Caught expected validation error for Math.abs closure wrong-type: Runtime Error: Math.abs expected a number for argument but got String at script:1:21
test/haxiom/TestHaxiom.hx:816: SUCCESS: Caught expected validation error for Math.min direct too-few-args: Runtime Error: Method Math.min expected between 2 and 2 arguments but got 1 at script:1:10
test/haxiom/TestHaxiom.hx:816: SUCCESS: Caught expected validation error for Math.min direct second-arg wrong-type: Runtime Error: Math.min expected a number for b but got String at script:1:14
test/haxiom/TestHaxiom.hx:816: SUCCESS: Caught expected validation error for String.split direct no-args: Runtime Error: Method String.split expected between 1 and 1 arguments but got 0 at script:1:1
test/haxiom/TestHaxiom.hx:816: SUCCESS: Caught expected validation error for String.split direct wrong-type: Runtime Error: String.split expected a String for delimiter but got Int at script:1:15
test/haxiom/TestHaxiom.hx:816: SUCCESS: Caught expected validation error for String.split closure wrong-type: Runtime Error: String.split expected a String for delimiter but got Int at script:1:26
test/haxiom/TestHaxiom.hx:816: SUCCESS: Caught expected validation error for String.substring direct start-index wrong-type: Runtime Error: String.substring expected an Int for start index but got String at script:1:19
test/haxiom/TestHaxiom.hx:816: SUCCESS: Caught expected validation error for String.substring direct end-index wrong-type: Runtime Error: String.substring expected an Int for end index but got String at script:1:22
test/haxiom/TestHaxiom.hx:816: SUCCESS: Caught expected validation error for Array.filter direct wrong-type: Runtime Error: Array.filter expected a function for callback but got Int at script:1:15
test/haxiom/TestHaxiom.hx:816: SUCCESS: Caught expected validation error for Array.filter closure wrong-type: Runtime Error: Array.filter expected a function for callback but got Int at script:1:26
test/haxiom/TestHaxiom.hx:816: SUCCESS: Caught expected validation error for Array.join direct wrong-type: Runtime Error: Array.join expected a String for separator but got Int at script:1:13
Coalesce null: fallback
Coalesce value: hello
Safe field null: null
Safe method null: null
Safe field value: tamas
Range iteration sum (0-4): 10
StringTools.trim: haxiom
StringTools.startsWith: true
StringTools.endsWith: true
StringTools.replace: haxio
Array.insert: 10,15,20
Array.reverse: 20,15,10
Array.sort: 10,15,20
Array.contains: true
Math.asin(0): 0
Math.acos(1): 0
Math.isNaN: true
Map.exists: true
Map.exists post remove: false
Map.exists post clear: false
FFI registered value: 123.45
FFI registered class call: 20
Macro auto-exposed class call: 30
Abstract value multiply: 30
Abstract getter double: 20
Generic String value: tamas
Generic Int value: 100
Array<String> values: hello, world
List<Int> first: 10, isEmpty: false
Custom native using: 42
StringTools using: 00FF
Local script using: 25
Basic comprehension: 0,1,2,3,4
Filtered comprehension: 0,2,4,6,8
Nested comprehension: 0,0,1
Block comprehension: 0,2,4
While comprehension: 1,2,3
Switch comprehension: 10,20,30
Guard check -5: negative
Guard check 0: zero
Guard check 5: small positive
Guard check 20: large positive
Enum guard bright red: bright red
Enum guard dark red: dark red
Enum guard green: green
Anon match name: tamas, age: 36
Anon nested match city: Budapest
Anon class compatibility name: Alice
test/haxiom/TestHaxiom.hx:816: SUCCESS: Caught expected validation error for anon type missing field: Runtime Error: Type mismatch: object is missing field "age" at script:1:39
test/haxiom/TestHaxiom.hx:816: SUCCESS: Caught expected validation error for anon type wrong field type: Runtime Error: Type mismatch in field "age": Type mismatch: expected Int but got String at script:1:53
test/haxiom/TestHaxiom.hx:1088: SUCCESS: ScriptException contains correct coordinates properties (line 3, col 21)
test/haxiom/TestHaxiom.hx:1093: SUCCESS: ScriptException first message line contains location details: Runtime Error: Type mismatch: expected Int but got String at script:3:21
isOfType Array: true
isOfType Map: true
List first: item2, size: {item2, item1}
Map fallback default key: val
String.fromCharCode(65): A
urlEncode: hello%20world
urlDecode: hello world
StringTools.hex(255): FF
replace using: a_b_c
Array concat: 1,2,3,4
Lambda.has 20: true
Lambda exists: true
isOfType GoodChild IChild: true
isOfType GoodChild IParent: true
Type checking assignments passed successfully.
test/haxiom/TestHaxiom.hx:1188: Expected error for missing parent method caught: Runtime Error: Class BadChild does not implement method parentMethod required by interface IChild at 8:13 at script:8:13
    at toplevel (script:8:13)
test/haxiom/TestHaxiom.hx:1212: Expected error for missing child method caught: Runtime Error: Class BadChild2 does not implement method childMethod required by interface IChild at 8:13 at script:8:13
    at toplevel (script:8:13)
test/haxiom/TestHaxiom.hx:1237: Expected error for parent method argument count mismatch caught: Runtime Error: Method BadChild3.parentMethod has argument count mismatch: expected 1 but got 0 at 8:13 at script:8:13
    at toplevel (script:8:13)
Catch type+guard: matched-special
Catch enum pattern: code: 404
Catch structural pattern: structural-500: Server Error
Abstract underlying value check: 5
Abstract member call: 300
Abstract property getter call: 10
Abstract mutable this check: 15
Abstract type checking assignment passed.
Std.isOfType abstract check: true
Valid Array<Int> passed.
test/haxiom/TestHaxiom.hx:1331: Expected error for Array<Int> type mismatch caught: Runtime Error: Type mismatch: expected Int but got String at script:1:40
    at toplevel (script:1:40)
Valid Map<String, Int> passed.
test/haxiom/TestHaxiom.hx:1349: Expected error for Map<String, Int> type mismatch caught: Runtime Error: Type mismatch: expected Int but got String at script:1:43
    at toplevel (script:1:43)
Generic Box<Int> value: 123
Generic Box<String> value: hello
Box<Int> assignment check passed.
Generic Parent.value check: 10,20,30
IntBox implements IContainer<Int> check: 456
Std.isOfType(ib, IContainer) check: true
test/haxiom/TestHaxiom.hx:1420: Expected generic field type mismatch caught: Runtime Error: Type mismatch: expected Int but got String at script:7:17
    at toplevel (script:7:17)
test/haxiom/TestHaxiom.hx:1439: Expected generic assignment mismatch caught: Runtime Error: Type mismatch: expected type parameter T to be String but got Int at script:7:44
    at toplevel (script:7:44)
test/haxiom/TestHaxiom.hx:1461: Expected interface method mismatch caught: Runtime Error: Method BadBox.getValue return type mismatch: expected TPath([Int],[]) but got TPath([String],[]) at 5:17 at script:5:17
    at toplevel (script:5:17)
test/haxiom/TestHaxiom.hx:1477: SUCCESS: Constant folding optimized 2 + 3 * 4 to 14
test/haxiom/TestHaxiom.hx:1497: SUCCESS: EIf with constant true folded to e1 block successfully
test/haxiom/TestHaxiom.hx:1514: Scope pool size before: 2, after: 2
test/haxiom/TestHaxiom.hx:1516: SUCCESS: Scope pooling successfully recycled scopes.
Closure verification value: 15
test/haxiom/TestHaxiom.hx:1530: SUCCESS: Closure capture scope pooling check passed.
